Flow report for Proect_Final
Tue Dec 12 20:32:08 2023
Quartus Prime Version 18.1.0 Build 625 09/12/2018 SJ Lite Edition


---------------------
; Table of Contents ;
---------------------
  1. Legal Notice
  2. Flow Summary
  3. Flow Settings
  4. Flow Non-Default Global Settings
  5. Flow Elapsed Time
  6. Flow OS Summary
  7. Flow Log
  8. Flow Messages
  9. Flow Suppressed Messages



----------------
; Legal Notice ;
----------------
Copyright (C) 2018  Intel Corporation. All rights reserved.
Your use of Intel Corporation's design tools, logic functions 
and other software and tools, and its AMPP partner logic 
functions, and any output files from any of the foregoing 
(including device programming or simulation files), and any 
associated documentation or information are expressly subject 
to the terms and conditions of the Intel Program License 
Subscription Agreement, the Intel Quartus Prime License Agreement,
the Intel FPGA IP License Agreement, or other applicable license
agreement, including, without limitation, that your use is for
the sole purpose of programming logic devices manufactured by
Intel and sold by Intel or its authorized distributors.  Please
refer to the applicable agreement for further details.



+----------------------------------------------------------------------------------+
; Flow Summary                                                                     ;
+------------------------------------+---------------------------------------------+
; Flow Status                        ; Successful - Tue Dec 12 20:32:04 2023       ;
; Quartus Prime Version              ; 18.1.0 Build 625 09/12/2018 SJ Lite Edition ;
; Revision Name                      ; Proect_Final                                ;
; Top-level Entity Name              ; Final                                       ;
; Family                             ; MAX 10                                      ;
; Device                             ; 10M50DAF484C7G                              ;
; Timing Models                      ; Final                                       ;
; Total logic elements               ; 1,684 / 49,760 ( 3 % )                      ;
;     Total combinational functions  ; 1,605 / 49,760 ( 3 % )                      ;
;     Dedicated logic registers      ; 642 / 49,760 ( 1 % )                        ;
; Total registers                    ; 642                                         ;
; Total pins                         ; 36 / 360 ( 10 % )                           ;
; Total virtual pins                 ; 0                                           ;
; Total memory bits                  ; 0 / 1,677,312 ( 0 % )                       ;
; Embedded Multiplier 9-bit elements ; 0 / 288 ( 0 % )                             ;
; Total PLLs                         ; 2 / 4 ( 50 % )                              ;
; UFM blocks                         ; 0 / 1 ( 0 % )                               ;
; ADC blocks                         ; 1 / 2 ( 50 % )                              ;
+------------------------------------+---------------------------------------------+


+-----------------------------------------+
; Flow Settings                           ;
+-------------------+---------------------+
; Option            ; Setting             ;
+-------------------+---------------------+
; Start date & time ; 12/12/2023 20:31:39 ;
; Main task         ; Compilation         ;
; Revision Name     ; Proect_Final        ;
+-------------------+---------------------+


+-----------------------------------------------------------------------------------------------------------------------------------------------+
; Flow Non-Default Global Settings                                                                                                              ;
+-------------------------------------+--------------------------------------------------------------+---------------+-------------+------------+
; Assignment Name                     ; Value                                                        ; Default Value ; Entity Name ; Section Id ;
+-------------------------------------+--------------------------------------------------------------+---------------+-------------+------------+
; COMPILER_SIGNATURE_ID               ; 10995770589203.170243829832784                               ; --            ; --          ; --         ;
; MAX_CORE_JUNCTION_TEMP              ; 85                                                           ; --            ; --          ; --         ;
; MIN_CORE_JUNCTION_TEMP              ; 0                                                            ; --            ; --          ; --         ;
; MISC_FILE                           ; synthesis/../ADC.cmp                                         ; --            ; --          ; --         ;
; MISC_FILE                           ; synthesis/../../../../../../intelFPGA_lite/18.1/ADC.qsys     ; --            ; --          ; --         ;
; MISC_FILE                           ; VGA_PLL_inst.vhd                                             ; --            ; --          ; --         ;
; MISC_FILE                           ; VGA_PLL.cmp                                                  ; --            ; --          ; --         ;
; MISC_FILE                           ; VGA_PLL.ppf                                                  ; --            ; --          ; --         ;
; MISC_FILE                           ; ADC_PLL_inst.vhd                                             ; --            ; --          ; --         ;
; MISC_FILE                           ; ADC_PLL.cmp                                                  ; --            ; --          ; --         ;
; MISC_FILE                           ; ADC_PLL.ppf                                                  ; --            ; --          ; --         ;
; PARTITION_COLOR                     ; -- (Not supported for targeted family)                       ; --            ; Final       ; Top        ;
; PARTITION_FITTER_PRESERVATION_LEVEL ; -- (Not supported for targeted family)                       ; --            ; Final       ; Top        ;
; PARTITION_NETLIST_TYPE              ; -- (Not supported for targeted family)                       ; --            ; Final       ; Top        ;
; POWER_BOARD_THERMAL_MODEL           ; None (CONSERVATIVE)                                          ; --            ; --          ; --         ;
; POWER_PRESET_COOLING_SOLUTION       ; 23 MM HEAT SINK WITH 200 LFPM AIRFLOW                        ; --            ; --          ; --         ;
; SLD_FILE                            ; synthesis/ADC.debuginfo                                      ; --            ; --          ; --         ;
; SLD_INFO                            ; QSYS_NAME ADC HAS_SOPCINFO 1 GENERATION_ID 1699917156        ; --            ; ADC         ; --         ;
; SOPCINFO_FILE                       ; synthesis/../../../../../../intelFPGA_lite/18.1/ADC.sopcinfo ; --            ; --          ; --         ;
; SYNTHESIS_ONLY_QIP                  ; On                                                           ; --            ; --          ; --         ;
; TOP_LEVEL_ENTITY                    ; Final                                                        ; Proect_Final  ; --          ; --         ;
+-------------------------------------+--------------------------------------------------------------+---------------+-------------+------------+


+--------------------------------------------------------------------------------------------------------------------------+
; Flow Elapsed Time                                                                                                        ;
+----------------------+--------------+-------------------------+---------------------+------------------------------------+
; Module Name          ; Elapsed Time ; Average Processors Used ; Peak Virtual Memory ; Total CPU Time (on all processors) ;
+----------------------+--------------+-------------------------+---------------------+------------------------------------+
; Analysis & Synthesis ; 00:00:13     ; 1.0                     ; 4883 MB             ; 00:00:08                           ;
; Fitter               ; 00:00:09     ; 1.3                     ; 5664 MB             ; 00:00:05                           ;
; Assembler            ; 00:00:02     ; 1.0                     ; 4692 MB             ; 00:00:01                           ;
; Timing Analyzer      ; 00:00:03     ; 1.5                     ; 4837 MB             ; 00:00:02                           ;
; Total                ; 00:00:27     ; --                      ; --                  ; 00:00:16                           ;
+----------------------+--------------+-------------------------+---------------------+------------------------------------+


+------------------------------------------------------------------------------------+
; Flow OS Summary                                                                    ;
+----------------------+------------------+------------+------------+----------------+
; Module Name          ; Machine Hostname ; OS Name    ; OS Version ; Processor type ;
+----------------------+------------------+------------+------------+----------------+
; Analysis & Synthesis ; Todd_Surface     ; Windows 10 ; 10.0       ; x86_64         ;
; Fitter               ; Todd_Surface     ; Windows 10 ; 10.0       ; x86_64         ;
; Assembler            ; Todd_Surface     ; Windows 10 ; 10.0       ; x86_64         ;
; Timing Analyzer      ; Todd_Surface     ; Windows 10 ; 10.0       ; x86_64         ;
+----------------------+------------------+------------+------------+----------------+


------------
; Flow Log ;
------------
quartus_map --read_settings_files=on --write_settings_files=off Proect_Final -c Proect_Final
quartus_fit --read_settings_files=off --write_settings_files=off Proect_Final -c Proect_Final
quartus_asm --read_settings_files=off --write_settings_files=off Proect_Final -c Proect_Final
quartus_sta Proect_Final -c Proect_Final



